// Jest Snapshot v1, https://goo.gl/fbAQLP

exports[`does not display number zero 1`] = `
Array [
  <button
    className="reaction-btn reaction-btn-default"
    disabled={false}
    type="button"
  >
    👍
     
  </button>,
  <button
    className="reaction-btn reaction-btn-default"
    disabled={false}
    type="button"
  >
    👎
     
  </button>,
  <button
    className="reaction-btn reaction-btn-default"
    disabled={false}
    type="button"
  >
    😄
     
  </button>,
  <button
    className="reaction-btn reaction-btn-default"
    disabled={false}
    type="button"
  >
    🎉
     
  </button>,
  <button
    className="reaction-btn reaction-btn-default"
    disabled={false}
    type="button"
  >
    😕
     
  </button>,
  <button
    className="reaction-btn reaction-btn-default"
    disabled={false}
    type="button"
  >
    ❤️
     
  </button>,
]
`;
